Test 1: Normal conditions (no alerts expected)
  Alerts: 0
python : Traceback (most recent call last):
At line:1 char:1
+ python test_alert_status.py > test_output.txt 2>&1; cat test_output.t ...
+ ~~~~~~~~~~~~~~~~~~~~~~~~~~~~~~~~~~~~~~~~~~~~~~~~~~
    + CategoryInfo          : NotSpecified: (Traceback (most recent call last)::String) [], RemoteException
    + FullyQualifiedErrorId : NativeCommandError
 
  File "C:\Users\shubh\Downloads\tataElxsi\tata_elxsi\test_alert_status.py", line 11, in <module>
    print("  \u2713 PASS\n")
    ~~~~~^^^^^^^^^^^^^^
  File "C:\Python314\Lib\encodings\cp1252.py", line 19, in encode
    return codecs.charmap_encode(input,self.errors,encoding_table)[0]
           ~~~~~~~~~~~~~~~~~~~~~^^^^^^^^^^^^^^^^^^^^^^^^^^^^^^^^^^
UnicodeEncodeError: 'charmap' codec can't encode character '\u2713' in position 2: character maps to <undefined>
